// Jest Snapshot v1, https://goo.gl/fbAQLP

exports[`App component Snapshot testing snapshots should not match 1`] = `
<div>
  <h3>
    Text Changer
  </h3>
  <label>
    before Click!
  </label>
  <br />
  <button
    onClick={[Function]}
  >
    Change Label Text
  </button>
</div>
`;

exports[`App component Snapshot testing snapshots should not match 2`] = `
<div>
  <h3>
    Text Changer
  </h3>
  <label>
    before Click!
  </label>
  <br />
  <button
    onClick={[Function]}
  >
    Change Label Text
  </button>
</div>
`;
